---
source: crates/rattler_installs_packages/src/artifacts/sdist.rs
expression: "artifact_info[0].filename"
---
SDist(
    SDistFilename {
        distribution: PackageName {
            source: "rich",
            normalized: "rich",
        },
        version: "13.6.0",
        format: TarGz,
    },
)
