---
source: crates/rattler_installs_packages/src/artifacts/sdist.rs
expression: metadata
---
WheelCoreMetadata {
    name: PackageName {
        source: "setuptools",
        normalized: "setuptools",
    },
    version: "69.0.2",
    metadata_version: MetadataVersion(
        "2.1",
    ),
    requires_dist: [
        Requirement {
            name: PackageName(
                "sphinx",
            ),
            extras: [],
            version_or_url: Some(
                VersionSpecifier(
                    VersionSpecifiers(
                        [
                            VersionSpecifier {
                                operator: GreaterThanEqual,
                                version: "3.5",
                            },
                        ],
                    ),
                ),
            ),
            marker: extra == 'docs',
            origin: None,
        },
        Requirement {
            name: PackageName(
                "sphinx",
            ),
            extras: [],
            version_or_url: Some(
                VersionSpecifier(
                    VersionSpecifiers(
                        [
                            VersionSpecifier {
                                operator: LessThan,
                                version: "7.2.5",
                            },
                        ],
                    ),
                ),
            ),
            marker: extra == 'docs',
            origin: None,
        },
        Requirement {
            name: PackageName(
                "jaraco-packaging",
            ),
            extras: [],
            version_or_url: Some(
                VersionSpecifier(
                    VersionSpecifiers(
                        [
                            VersionSpecifier {
                                operator: GreaterThanEqual,
                                version: "9.3",
                            },
                        ],
                    ),
                ),
            ),
            marker: extra == 'docs',
            origin: None,
        },
        Requirement {
            name: PackageName(
                "rst-linker",
            ),
            extras: [],
            version_or_url: Some(
                VersionSpecifier(
                    VersionSpecifiers(
                        [
                            VersionSpecifier {
                                operator: GreaterThanEqual,
                                version: "1.9",
                            },
                        ],
                    ),
                ),
            ),
            marker: extra == 'docs',
            origin: None,
        },
        Requirement {
            name: PackageName(
                "furo",
            ),
            extras: [],
            version_or_url: None,
            marker: extra == 'docs',
            origin: None,
        },
        Requirement {
            name: PackageName(
                "sphinx-lint",
            ),
            extras: [],
            version_or_url: None,
            marker: extra == 'docs',
            origin: None,
        },
        Requirement {
            name: PackageName(
                "jaraco-tidelift",
            ),
            extras: [],
            version_or_url: Some(
                VersionSpecifier(
                    VersionSpecifiers(
                        [
                            VersionSpecifier {
                                operator: GreaterThanEqual,
                                version: "1.4",
                            },
                        ],
                    ),
                ),
            ),
            marker: extra == 'docs',
            origin: None,
        },
        Requirement {
            name: PackageName(
                "pygments-github-lexers",
            ),
            extras: [],
            version_or_url: Some(
                VersionSpecifier(
                    VersionSpecifiers(
                        [
                            VersionSpecifier {
                                operator: Equal,
                                version: "0.0.5",
                            },
                        ],
                    ),
                ),
            ),
            marker: extra == 'docs',
            origin: None,
        },
        Requirement {
            name: PackageName(
                "sphinx-favicon",
            ),
            extras: [],
            version_or_url: None,
            marker: extra == 'docs',
            origin: None,
        },
        Requirement {
            name: PackageName(
                "sphinx-inline-tabs",
            ),
            extras: [],
            version_or_url: None,
            marker: extra == 'docs',
            origin: None,
        },
        Requirement {
            name: PackageName(
                "sphinx-reredirects",
            ),
            extras: [],
            version_or_url: None,
            marker: extra == 'docs',
            origin: None,
        },
        Requirement {
            name: PackageName(
                "sphinxcontrib-towncrier",
            ),
            extras: [],
            version_or_url: None,
            marker: extra == 'docs',
            origin: None,
        },
        Requirement {
            name: PackageName(
                "sphinx-notfound-page",
            ),
            extras: [],
            version_or_url: Some(
                VersionSpecifier(
                    VersionSpecifiers(
                        [
                            VersionSpecifier {
                                operator: GreaterThanEqual,
                                version: "1",
                            },
                            VersionSpecifier {
                                operator: LessThan,
                                version: "2",
                            },
                        ],
                    ),
                ),
            ),
            marker: extra == 'docs',
            origin: None,
        },
        Requirement {
            name: PackageName(
                "pytest",
            ),
            extras: [],
            version_or_url: Some(
                VersionSpecifier(
                    VersionSpecifiers(
                        [
                            VersionSpecifier {
                                operator: GreaterThanEqual,
                                version: "6",
                            },
                        ],
                    ),
                ),
            ),
            marker: extra == 'testing',
            origin: None,
        },
        Requirement {
            name: PackageName(
                "pytest-checkdocs",
            ),
            extras: [],
            version_or_url: Some(
                VersionSpecifier(
                    VersionSpecifiers(
                        [
                            VersionSpecifier {
                                operator: GreaterThanEqual,
                                version: "2.4",
                            },
                        ],
                    ),
                ),
            ),
            marker: extra == 'testing',
            origin: None,
        },
        Requirement {
            name: PackageName(
                "pytest-enabler",
            ),
            extras: [],
            version_or_url: Some(
                VersionSpecifier(
                    VersionSpecifiers(
                        [
                            VersionSpecifier {
                                operator: GreaterThanEqual,
                                version: "2.2",
                            },
                        ],
                    ),
                ),
            ),
            marker: extra == 'testing',
            origin: None,
        },
        Requirement {
            name: PackageName(
                "flake8-2020",
            ),
            extras: [],
            version_or_url: None,
            marker: extra == 'testing',
            origin: None,
        },
        Requirement {
            name: PackageName(
                "virtualenv",
            ),
            extras: [],
            version_or_url: Some(
                VersionSpecifier(
                    VersionSpecifiers(
                        [
                            VersionSpecifier {
                                operator: GreaterThanEqual,
                                version: "13.0.0",
                            },
                        ],
                    ),
                ),
            ),
            marker: extra == 'testing',
            origin: None,
        },
        Requirement {
            name: PackageName(
                "wheel",
            ),
            extras: [],
            version_or_url: None,
            marker: extra == 'testing',
            origin: None,
        },
        Requirement {
            name: PackageName(
                "pip",
            ),
            extras: [],
            version_or_url: Some(
                VersionSpecifier(
                    VersionSpecifiers(
                        [
                            VersionSpecifier {
                                operator: GreaterThanEqual,
                                version: "19.1",
                            },
                        ],
                    ),
                ),
            ),
            marker: extra == 'testing',
            origin: None,
        },
        Requirement {
            name: PackageName(
                "jaraco-envs",
            ),
            extras: [],
            version_or_url: Some(
                VersionSpecifier(
                    VersionSpecifiers(
                        [
                            VersionSpecifier {
                                operator: GreaterThanEqual,
                                version: "2.2",
                            },
                        ],
                    ),
                ),
            ),
            marker: extra == 'testing',
            origin: None,
        },
        Requirement {
            name: PackageName(
                "pytest-xdist",
            ),
            extras: [],
            version_or_url: None,
            marker: extra == 'testing',
            origin: None,
        },
        Requirement {
            name: PackageName(
                "jaraco-path",
            ),
            extras: [],
            version_or_url: Some(
                VersionSpecifier(
                    VersionSpecifiers(
                        [
                            VersionSpecifier {
                                operator: GreaterThanEqual,
                                version: "3.2.0",
                            },
                        ],
                    ),
                ),
            ),
            marker: extra == 'testing',
            origin: None,
        },
        Requirement {
            name: PackageName(
                "build",
            ),
            extras: [
                ExtraName(
                    "virtualenv",
                ),
            ],
            version_or_url: None,
            marker: extra == 'testing',
            origin: None,
        },
        Requirement {
            name: PackageName(
                "filelock",
            ),
            extras: [],
            version_or_url: Some(
                VersionSpecifier(
                    VersionSpecifiers(
                        [
                            VersionSpecifier {
                                operator: GreaterThanEqual,
                                version: "3.4.0",
                            },
                        ],
                    ),
                ),
            ),
            marker: extra == 'testing',
            origin: None,
        },
        Requirement {
            name: PackageName(
                "ini2toml",
            ),
            extras: [
                ExtraName(
                    "lite",
                ),
            ],
            version_or_url: Some(
                VersionSpecifier(
                    VersionSpecifiers(
                        [
                            VersionSpecifier {
                                operator: GreaterThanEqual,
                                version: "0.9",
                            },
                        ],
                    ),
                ),
            ),
            marker: extra == 'testing',
            origin: None,
        },
        Requirement {
            name: PackageName(
                "tomli-w",
            ),
            extras: [],
            version_or_url: Some(
                VersionSpecifier(
                    VersionSpecifiers(
                        [
                            VersionSpecifier {
                                operator: GreaterThanEqual,
                                version: "1.0.0",
                            },
                        ],
                    ),
                ),
            ),
            marker: extra == 'testing',
            origin: None,
        },
        Requirement {
            name: PackageName(
                "pytest-timeout",
            ),
            extras: [],
            version_or_url: None,
            marker: extra == 'testing',
            origin: None,
        },
        Requirement {
            name: PackageName(
                "pytest",
            ),
            extras: [],
            version_or_url: None,
            marker: extra == 'testing-integration',
            origin: None,
        },
        Requirement {
            name: PackageName(
                "pytest-xdist",
            ),
            extras: [],
            version_or_url: None,
            marker: extra == 'testing-integration',
            origin: None,
        },
        Requirement {
            name: PackageName(
                "pytest-enabler",
            ),
            extras: [],
            version_or_url: None,
            marker: extra == 'testing-integration',
            origin: None,
        },
        Requirement {
            name: PackageName(
                "virtualenv",
            ),
            extras: [],
            version_or_url: Some(
                VersionSpecifier(
                    VersionSpecifiers(
                        [
                            VersionSpecifier {
                                operator: GreaterThanEqual,
                                version: "13.0.0",
                            },
                        ],
                    ),
                ),
            ),
            marker: extra == 'testing-integration',
            origin: None,
        },
        Requirement {
            name: PackageName(
                "tomli",
            ),
            extras: [],
            version_or_url: None,
            marker: extra == 'testing-integration',
            origin: None,
        },
        Requirement {
            name: PackageName(
                "wheel",
            ),
            extras: [],
            version_or_url: None,
            marker: extra == 'testing-integration',
            origin: None,
        },
        Requirement {
            name: PackageName(
                "jaraco-path",
            ),
            extras: [],
            version_or_url: Some(
                VersionSpecifier(
                    VersionSpecifiers(
                        [
                            VersionSpecifier {
                                operator: GreaterThanEqual,
                                version: "3.2.0",
                            },
                        ],
                    ),
                ),
            ),
            marker: extra == 'testing-integration',
            origin: None,
        },
        Requirement {
            name: PackageName(
                "jaraco-envs",
            ),
            extras: [],
            version_or_url: Some(
                VersionSpecifier(
                    VersionSpecifiers(
                        [
                            VersionSpecifier {
                                operator: GreaterThanEqual,
                                version: "2.2",
                            },
                        ],
                    ),
                ),
            ),
            marker: extra == 'testing-integration',
            origin: None,
        },
        Requirement {
            name: PackageName(
                "build",
            ),
            extras: [
                ExtraName(
                    "virtualenv",
                ),
            ],
            version_or_url: Some(
                VersionSpecifier(
                    VersionSpecifiers(
                        [
                            VersionSpecifier {
                                operator: GreaterThanEqual,
                                version: "1.0.3",
                            },
                        ],
                    ),
                ),
            ),
            marker: extra == 'testing-integration',
            origin: None,
        },
        Requirement {
            name: PackageName(
                "filelock",
            ),
            extras: [],
            version_or_url: Some(
                VersionSpecifier(
                    VersionSpecifiers(
                        [
                            VersionSpecifier {
                                operator: GreaterThanEqual,
                                version: "3.4.0",
                            },
                        ],
                    ),
                ),
            ),
            marker: extra == 'testing-integration',
            origin: None,
        },
        Requirement {
            name: PackageName(
                "packaging",
            ),
            extras: [],
            version_or_url: Some(
                VersionSpecifier(
                    VersionSpecifiers(
                        [
                            VersionSpecifier {
                                operator: GreaterThanEqual,
                                version: "23.1",
                            },
                        ],
                    ),
                ),
            ),
            marker: extra == 'testing-integration',
            origin: None,
        },
        Requirement {
            name: PackageName(
                "pytest-black",
            ),
            extras: [],
            version_or_url: Some(
                VersionSpecifier(
                    VersionSpecifiers(
                        [
                            VersionSpecifier {
                                operator: GreaterThanEqual,
                                version: "0.3.7",
                            },
                        ],
                    ),
                ),
            ),
            marker: platform_python_implementation != 'PyPy' and extra == 'testing',
            origin: None,
        },
        Requirement {
            name: PackageName(
                "pytest-cov",
            ),
            extras: [],
            version_or_url: None,
            marker: platform_python_implementation != 'PyPy' and extra == 'testing',
            origin: None,
        },
        Requirement {
            name: PackageName(
                "pytest-mypy",
            ),
            extras: [],
            version_or_url: Some(
                VersionSpecifier(
                    VersionSpecifiers(
                        [
                            VersionSpecifier {
                                operator: GreaterThanEqual,
                                version: "0.9.1",
                            },
                        ],
                    ),
                ),
            ),
            marker: platform_python_implementation != 'PyPy' and extra == 'testing',
            origin: None,
        },
        Requirement {
            name: PackageName(
                "jaraco-develop",
            ),
            extras: [],
            version_or_url: Some(
                VersionSpecifier(
                    VersionSpecifiers(
                        [
                            VersionSpecifier {
                                operator: GreaterThanEqual,
                                version: "7.21",
                            },
                        ],
                    ),
                ),
            ),
            marker: python_full_version >= '3.9' and sys_platform != 'cygwin' and extra == 'testing',
            origin: None,
        },
        Requirement {
            name: PackageName(
                "pytest-ruff",
            ),
            extras: [],
            version_or_url: None,
            marker: sys_platform != 'cygwin' and extra == 'testing',
            origin: None,
        },
        Requirement {
            name: PackageName(
                "pytest-perf",
            ),
            extras: [],
            version_or_url: None,
            marker: sys_platform != 'cygwin' and extra == 'testing',
            origin: None,
        },
    ],
    requires_python: Some(
        VersionSpecifiers(
            [
                VersionSpecifier {
                    operator: GreaterThanEqual,
                    version: "3.8",
                },
            ],
        ),
    ),
    extras: {},
}
